
> sani@0.1.0 build
> tsc && vite build

vite v5.4.21 building for production...
transforming...
✓ 81 modules transformed.
rendering chunks...
computing gzip size...
dist/app.html                                     0.71 kB │ gzip:  0.37 kB
dist/index.html                                   1.47 kB │ gzip:  0.77 kB
dist/onboarding.html                              1.55 kB │ gzip:  0.76 kB
dist/panel.html                                   1.57 kB │ gzip:  0.81 kB
dist/assets/boot-DIm2IaTp.css                     2.65 kB │ gzip:  0.98 kB
dist/assets/pill-C9y-GBC0.css                     4.08 kB │ gzip:  1.18 kB
dist/assets/panel-6mW_SqAo.css                    9.16 kB │ gzip:  2.26 kB
dist/assets/onboarding-0Az_rxqp.css              10.76 kB │ gzip:  2.90 kB
dist/assets/main-CsGmR8xI.css                    16.02 kB │ gzip:  3.40 kB
dist/assets/ComputerControlGallery-D9vh9g6n.js    2.44 kB │ gzip:  1.11 kB
dist/assets/ActivityTimeline-DPVt1u70.js          2.59 kB │ gzip:  1.25 kB
dist/assets/tauri-Cl48XGRx.js                     3.73 kB │ gzip:  1.41 kB
dist/assets/pill-D3Hnc83f.js                      5.80 kB │ gzip:  2.30 kB
dist/assets/panel-PBen7U81.js                    11.18 kB │ gzip:  3.74 kB
dist/assets/onboarding-ChoE8Ose.js               20.66 kB │ gzip:  6.35 kB
dist/assets/main-DEOoH9wK.js                     34.69 kB │ gzip: 11.42 kB
dist/assets/boot-g1gBZE_8.js                    144.42 kB │ gzip: 46.54 kB
✓ built in 314ms
