   Compiling sani v0.1.0 (/private/tmp/jarvis-batch3-review-20261001/source/sani/src-tauri)
error: failed to run custom build command for `sani v0.1.0 (/private/tmp/jarvis-batch3-review-20261001/source/sani/src-tauri)`

Caused by:
  process didn't exit successfully: `/private/tmp/jarvis-review29/sani/src-tauri/target/debug/build/sani-db8e0d1d38dd69b9/build-script-build` (exit status: 1)
  --- stdout
  cargo:rerun-if-changed=../dist
  cargo:rerun-if-env-changed=CC_FORCE_DISABLE
  CC_FORCE_DISABLE = None
  cargo:rerun-if-env-changed=CC_aarch64-apple-darwin
  CC_aarch64-apple-darwin = None
  cargo:rerun-if-env-changed=CC_aarch64_apple_darwin
  CC_aarch64_apple_darwin = None
  cargo:rerun-if-env-changed=HOST_CC
  HOST_CC = None
  cargo:rerun-if-env-changed=CC
  CC = None
  cargo:rerun-if-env-changed=CC_ENABLE_DEBUG_OUTPUT
  cargo:rerun-if-env-changed=CRATE_CC_NO_DEFAULTS
  CRATE_CC_NO_DEFAULTS = None
  cargo:rerun-if-env-changed=CRATE_CC_NO_DEFAULTS
  CRATE_CC_NO_DEFAULTS = None
  cargo:rerun-if-env-changed=MACOSX_DEPLOYMENT_TARGET
  MACOSX_DEPLOYMENT_TARGET = None
  cargo:rerun-if-env-changed=CC_ENABLE_DEBUG_OUTPUT
  cargo:rerun-if-env-changed=CFLAGS
  CFLAGS = None
  cargo:rerun-if-env-changed=HOST_CFLAGS
  HOST_CFLAGS = None
  cargo:rerun-if-env-changed=CFLAGS_aarch64_apple_darwin
  CFLAGS_aarch64_apple_darwin = None
  cargo:rerun-if-env-changed=CFLAGS_aarch64-apple-darwin
  CFLAGS_aarch64-apple-darwin = None
  cargo:rerun-if-env-changed=CFLAGS
  CFLAGS = None
  cargo:rerun-if-env-changed=HOST_CFLAGS
  HOST_CFLAGS = None
  cargo:rerun-if-env-changed=CFLAGS_aarch64_apple_darwin
  CFLAGS_aarch64_apple_darwin = None
  cargo:rerun-if-env-changed=CFLAGS_aarch64-apple-darwin
  CFLAGS_aarch64-apple-darwin = None
  cargo:rerun-if-env-changed=CC_aarch64-apple-darwin
  CC_aarch64-apple-darwin = None
  cargo:rerun-if-env-changed=CC_aarch64_apple_darwin
  CC_aarch64_apple_darwin = None
  cargo:rerun-if-env-changed=HOST_CC
  HOST_CC = None
  cargo:rerun-if-env-changed=CC
  CC = None
  cargo:rerun-if-env-changed=CRATE_CC_NO_DEFAULTS
  CRATE_CC_NO_DEFAULTS = None
  cargo:rerun-if-env-changed=CFLAGS
  CFLAGS = None
  cargo:rerun-if-env-changed=HOST_CFLAGS
  HOST_CFLAGS = None
  cargo:rerun-if-env-changed=CFLAGS_aarch64_apple_darwin
  CFLAGS_aarch64_apple_darwin = None
  cargo:rerun-if-env-changed=CFLAGS_aarch64-apple-darwin
  CFLAGS_aarch64-apple-darwin = None
  cargo:rerun-if-env-changed=CC_aarch64-apple-darwin
  CC_aarch64-apple-darwin = None
  cargo:rerun-if-env-changed=CC_aarch64_apple_darwin
  CC_aarch64_apple_darwin = None
  cargo:rerun-if-env-changed=HOST_CC
  HOST_CC = None
  cargo:rerun-if-env-changed=CC
  CC = None
  cargo:rerun-if-env-changed=CRATE_CC_NO_DEFAULTS
  CRATE_CC_NO_DEFAULTS = None
  cargo:rerun-if-env-changed=CFLAGS
  CFLAGS = None
  cargo:rerun-if-env-changed=HOST_CFLAGS
  HOST_CFLAGS = None
  cargo:rerun-if-env-changed=CFLAGS_aarch64_apple_darwin
  CFLAGS_aarch64_apple_darwin = None
  cargo:rerun-if-env-changed=CFLAGS_aarch64-apple-darwin
  CFLAGS_aarch64-apple-darwin = None
  cargo:rerun-if-env-changed=CC_aarch64-apple-darwin
  CC_aarch64-apple-darwin = None
  cargo:rerun-if-env-changed=CC_aarch64_apple_darwin
  CC_aarch64_apple_darwin = None
  cargo:rerun-if-env-changed=HOST_CC
  HOST_CC = None
  cargo:rerun-if-env-changed=CC
  CC = None
  cargo:rerun-if-env-changed=CRATE_CC_NO_DEFAULTS
  CRATE_CC_NO_DEFAULTS = None
  cargo:rerun-if-env-changed=CFLAGS
  CFLAGS = None
  cargo:rerun-if-env-changed=HOST_CFLAGS
  HOST_CFLAGS = None
  cargo:rerun-if-env-changed=CFLAGS_aarch64_apple_darwin
  CFLAGS_aarch64_apple_darwin = None
  cargo:rerun-if-env-changed=CFLAGS_aarch64-apple-darwin
  CFLAGS_aarch64-apple-darwin = None
  cargo:rerun-if-env-changed=AR_aarch64-apple-darwin
  AR_aarch64-apple-darwin = None
  cargo:rerun-if-env-changed=AR_aarch64_apple_darwin
  AR_aarch64_apple_darwin = None
  cargo:rerun-if-env-changed=HOST_AR
  HOST_AR = None
  cargo:rerun-if-env-changed=AR
  AR = None
  cargo:rerun-if-env-changed=ARFLAGS
  ARFLAGS = None
  cargo:rerun-if-env-changed=HOST_ARFLAGS
  HOST_ARFLAGS = None
  cargo:rerun-if-env-changed=ARFLAGS_aarch64_apple_darwin
  ARFLAGS_aarch64_apple_darwin = None
  cargo:rerun-if-env-changed=ARFLAGS_aarch64-apple-darwin
  ARFLAGS_aarch64-apple-darwin = None
  cargo:rerun-if-env-changed=AR_aarch64-apple-darwin
  AR_aarch64-apple-darwin = None
  cargo:rerun-if-env-changed=AR_aarch64_apple_darwin
  AR_aarch64_apple_darwin = None
  cargo:rerun-if-env-changed=HOST_AR
  HOST_AR = None
  cargo:rerun-if-env-changed=AR
  AR = None
  cargo:rerun-if-env-changed=ARFLAGS
  ARFLAGS = None
  cargo:rerun-if-env-changed=HOST_ARFLAGS
  HOST_ARFLAGS = None
  cargo:rerun-if-env-changed=ARFLAGS_aarch64_apple_darwin
  ARFLAGS_aarch64_apple_darwin = None
  cargo:rerun-if-env-changed=ARFLAGS_aarch64-apple-darwin
  ARFLAGS_aarch64-apple-darwin = None
  cargo:rerun-if-env-changed=AR_aarch64-apple-darwin
  AR_aarch64-apple-darwin = None
  cargo:rerun-if-env-changed=AR_aarch64_apple_darwin
  AR_aarch64_apple_darwin = None
  cargo:rerun-if-env-changed=HOST_AR
  HOST_AR = None
  cargo:rerun-if-env-changed=AR
  AR = None
  cargo:rerun-if-env-changed=ARFLAGS
  ARFLAGS = None
  cargo:rerun-if-env-changed=HOST_ARFLAGS
  HOST_ARFLAGS = None
  cargo:rerun-if-env-changed=ARFLAGS_aarch64_apple_darwin
  ARFLAGS_aarch64_apple_darwin = None
  cargo:rerun-if-env-changed=ARFLAGS_aarch64-apple-darwin
  ARFLAGS_aarch64-apple-darwin = None
  cargo:rustc-link-lib=static=sani_native_bridges
  cargo:rustc-link-search=native=/private/tmp/jarvis-review29/sani/src-tauri/target/debug/build/sani-122e048d85d76d38/out
  cargo:rustc-link-lib=framework=AVFoundation
  cargo:rustc-link-lib=framework=WebKit
  cargo:rustc-link-lib=framework=AppKit
  cargo:rustc-link-lib=framework=ApplicationServices
  cargo:rustc-link-lib=framework=CoreGraphics
  cargo:rerun-if-env-changed=TAURI_CONFIG
  cargo:rustc-check-cfg=cfg(desktop)
  cargo:rustc-cfg=desktop
  cargo:rustc-check-cfg=cfg(mobile)
  cargo:rerun-if-changed=/private/tmp/jarvis-batch3-review-20261001/source/sani/src-tauri/tauri.conf.json
  cargo:rustc-env=TAURI_ANDROID_PACKAGE_NAME_APP_NAME=local
  cargo:rustc-env=TAURI_ANDROID_PACKAGE_NAME_PREFIX=app_sani
  cargo:rustc-check-cfg=cfg(dev)
  cargo:rustc-cfg=dev
  cargo:PERMISSION_FILES_PATH=/private/tmp/jarvis-review29/sani/src-tauri/target/debug/build/sani-122e048d85d76d38/out/app-manifest/__app__-permission-files
  cargo:rerun-if-changed=capabilities
  cargo:rerun-if-env-changed=REMOVE_UNUSED_COMMANDS
  cargo:rustc-env=TAURI_ENV_TARGET_TRIPLE=aarch64-apple-darwin
  resource path `binaries/sani-stt-aarch64-apple-darwin` doesn't exist
