..FFFFFFF..........FFF                                                   [100%]
=================================== FAILURES ===================================
____________ test_revision_cannot_erase_reconciled_effect[UNKNOWN] _____________

store = <assistant.missions.store.MissionStore object at 0x10cc36cc0>
outcome = 'UNKNOWN'

    @pytest.mark.parametrize("outcome", ["UNKNOWN", "CONFIRMED"])
    async def test_revision_cannot_erase_reconciled_effect(store: MissionStore, outcome: str) -> None:
        from assistant.missions.store import MissionStoreError
        mission, item = await claimed(store)
        await store.mark_dispatched(item.execution_id)
        await store.control(MissionControl(control_id=new_id(), mission_id=mission.mission_id,
            expected_plan_version=1, expected_control_epoch=1, kind="REVISE", revision_request="again"))
        await store.mark_attempt_reconciled(item.execution_id, outcome)
>       with pytest.raises(MissionStoreError):
             ^^^^^^^^^^^^^^^^^^^^^^^^^^^^^^^^
E       Failed: DID NOT RAISE MissionStoreError

tests/integration/test_phase1_corrective_boundaries.py:113: Failed
___________ test_revision_cannot_erase_reconciled_effect[CONFIRMED] ____________

store = <assistant.missions.store.MissionStore object at 0x10cc36360>
outcome = 'CONFIRMED'

    @pytest.mark.parametrize("outcome", ["UNKNOWN", "CONFIRMED"])
    async def test_revision_cannot_erase_reconciled_effect(store: MissionStore, outcome: str) -> None:
        from assistant.missions.store import MissionStoreError
        mission, item = await claimed(store)
        await store.mark_dispatched(item.execution_id)
        await store.control(MissionControl(control_id=new_id(), mission_id=mission.mission_id,
            expected_plan_version=1, expected_control_epoch=1, kind="REVISE", revision_request="again"))
        await store.mark_attempt_reconciled(item.execution_id, outcome)
>       with pytest.raises(MissionStoreError):
             ^^^^^^^^^^^^^^^^^^^^^^^^^^^^^^^^
E       Failed: DID NOT RAISE MissionStoreError

tests/integration/test_phase1_corrective_boundaries.py:113: Failed
__________________ test_normal_resume_schedules_pending_work ___________________

store = <assistant.missions.store.MissionStore object at 0x10cc69e80>
tmp_path = PosixPath('/private/tmp/pytest-of-sayan/pytest-7/test_normal_resume_schedules_p0')

    async def test_normal_resume_schedules_pending_work(store: MissionStore, tmp_path: Any) -> None:
        from types import SimpleNamespace
        from assistant.missions.controller import DeepController
        from assistant.missions.evidence import EvidenceStore
        from assistant.missions.service import MissionService
        mission, _ = await claimed(store)
        svc = MissionService(SimpleNamespace(sani_data_dir=str(tmp_path)), store=store,
            authority=MissionAuthority(store), evidence=EvidenceStore(tmp_path / "e", store),
            executor=None, controller=DeepController(None))
        scheduled: list[str] = []
        svc._schedule_resume = scheduled.append
        await svc.control(MissionControl(control_id=new_id(), mission_id=mission.mission_id,
            expected_plan_version=1, expected_control_epoch=1, kind="PAUSE"))
        await svc.control(MissionControl(control_id=new_id(), mission_id=mission.mission_id,
            expected_plan_version=1, expected_control_epoch=2, kind="RESUME"))
>       assert scheduled == [mission.mission_id]
E       AssertionError: assert [] == ['789de125-10...5a2d92100785']
E         
E         Right contains one more item: '789de125-10dc-4feb-8056-5a2d92100785'
E         Use -v to get more diff

tests/integration/test_phase1_corrective_boundaries.py:132: AssertionError
_ test_controller_selects_registered_submission[RECOVER-submit_recovery_decision] _

role = 'RECOVER', registered = 'submit_recovery_decision'

    @pytest.mark.parametrize("role,registered", [
        ("RECOVER", "submit_recovery_decision"), ("REVIEW", "submit_final_review")])
    async def test_controller_selects_registered_submission(role: str, registered: str) -> None:
        from assistant.missions.controller import DeepController
        async def transport(actual_role: str, tool: str, payload: Any) -> Any:
            assert actual_role == role
            assert tool == registered
            return {}
>       await DeepController(None)._call(role, "{}", transport)

tests/integration/test_phase1_corrective_boundaries.py:143: 
_ _ _ _ _ _ _ _ _ _ _ _ _ _ _ _ _ _ _ _ _ _ _ _ _ _ _ _ _ _ _ _ _ _ _ _ _ _ _ _ 
src/assistant/missions/controller.py:189: in _call
    response = await invoke(role, tool, {"prompt": prompt})
               ^^^^^^^^^^^^^^^^^^^^^^^^^^^^^^^^^^^^^^^^^^^^
_ _ _ _ _ _ _ _ _ _ _ _ _ _ _ _ _ _ _ _ _ _ _ _ _ _ _ _ _ _ _ _ _ _ _ _ _ _ _ _ 

actual_role = 'RECOVER', tool = 'submit_mission_response'
payload = {'prompt': '{}'}

    async def transport(actual_role: str, tool: str, payload: Any) -> Any:
        assert actual_role == role
>       assert tool == registered
E       AssertionError: assert 'submit_mission_response' == 'submit_recovery_decision'
E         
E         - submit_recovery_decision
E         + submit_mission_response

tests/integration/test_phase1_corrective_boundaries.py:141: AssertionError
__ test_controller_selects_registered_submission[REVIEW-submit_final_review] ___

role = 'REVIEW', registered = 'submit_final_review'

    @pytest.mark.parametrize("role,registered", [
        ("RECOVER", "submit_recovery_decision"), ("REVIEW", "submit_final_review")])
    async def test_controller_selects_registered_submission(role: str, registered: str) -> None:
        from assistant.missions.controller import DeepController
        async def transport(actual_role: str, tool: str, payload: Any) -> Any:
            assert actual_role == role
            assert tool == registered
            return {}
>       await DeepController(None)._call(role, "{}", transport)

tests/integration/test_phase1_corrective_boundaries.py:143: 
_ _ _ _ _ _ _ _ _ _ _ _ _ _ _ _ _ _ _ _ _ _ _ _ _ _ _ _ _ _ _ _ _ _ _ _ _ _ _ _ 
src/assistant/missions/controller.py:189: in _call
    response = await invoke(role, tool, {"prompt": prompt})
               ^^^^^^^^^^^^^^^^^^^^^^^^^^^^^^^^^^^^^^^^^^^^
_ _ _ _ _ _ _ _ _ _ _ _ _ _ _ _ _ _ _ _ _ _ _ _ _ _ _ _ _ _ _ _ _ _ _ _ _ _ _ _ 

actual_role = 'REVIEW', tool = 'submit_mission_response'
payload = {'prompt': '{}'}

    async def transport(actual_role: str, tool: str, payload: Any) -> Any:
        assert actual_role == role
>       assert tool == registered
E       AssertionError: assert 'submit_mission_response' == 'submit_final_review'
E         
E         - submit_final_review
E         + submit_mission_response

tests/integration/test_phase1_corrective_boundaries.py:141: AssertionError
_________________ test_plan_secret_is_rejected_before_any_row __________________

store = <assistant.missions.store.MissionStore object at 0x10cc37410>

    async def test_plan_secret_is_rejected_before_any_row(store: MissionStore) -> None:
        from assistant.missions.store import MissionStoreError
        mission, _ = await claimed(store)
        secret = "sk-corrective-synthetic-secret-12345678901234567890"
        step = mission.steps[0].model_copy(update={"objective": secret})
>       with pytest.raises(MissionStoreError):
             ^^^^^^^^^^^^^^^^^^^^^^^^^^^^^^^^
E       Failed: DID NOT RAISE MissionStoreError

tests/integration/test_phase1_corrective_boundaries.py:151: Failed
__________ test_zero_packet_jev_does_not_call_provider_with_authority __________

store = <assistant.missions.store.MissionStore object at 0x10cc36570>

    async def test_zero_packet_jev_does_not_call_provider_with_authority(store: MissionStore) -> None:
        from tests.unit.test_mission_executor import _RecordingJev, _executor
        from tests.unit.velo_fakes import standard_tools
        from assistant.velo.contracts import JevDecision, DecisionStatus
        _, item = await claimed(store)
        item = item.model_copy(update={"budget": BudgetLimits(max_jev_calls=0)})
        jev = _RecordingJev(JevDecision(status=DecisionStatus.ACT, selected_id="candidate"))
        executor, _ = _executor(standard_tools(), jev=jev, authority=MissionAuthority(store))
        await executor._choose_candidate(item, [{"element_token": "candidate", "role": "AXButton",
                                                "label": "fixture", "purpose": "primary"}])
>       assert jev.requests == []
E       AssertionError: assert [JevDecisionR...sk_version=0)] == []
E         
E         Left contains one more item: JevDecisionRequest(objective='click fixture', requested_app='', target_summary='', scene_facts=(), candidates=(Candida..., args={}, target_pid=None),), payload_ids=(), last_outcome='', reason='semantic_ui control selection', task_version=0)
E         Use -v to get more diff

tests/integration/test_phase1_corrective_boundaries.py:167: AssertionError
__________ test_duplicate_waiter_never_releases_original_owner[False] __________

cancel = False

    @pytest.mark.parametrize("cancel", [False, True])
    async def test_duplicate_waiter_never_releases_original_owner(cancel: bool) -> None:
        q = DesktopQueue()
        original = await q.acquire("same")
        waiter = asyncio.create_task(q.acquire("same", timeout=0.01))
        await asyncio.sleep(0)
        if cancel:
            waiter.cancel()
        with pytest.raises(asyncio.CancelledError if cancel else DesktopLeaseBusy):
            await waiter
>       assert q.check_usable(original)
E       AssertionError: assert False
E        +  where False = check_usable(LeaseHandle(run_id='same', fence='a89937de518743d8b3a3cace9eb6d0d6', generation=1, granted_at=1801.301930541))
E        +    where check_usable = <assistant.runtime.desktop_queue.DesktopQueue object at 0x10ccb58e0>.check_usable

tests/unit/test_mission_desktop_queue.py:221: AssertionError
__________ test_duplicate_waiter_never_releases_original_owner[True] ___________

cancel = True

    @pytest.mark.parametrize("cancel", [False, True])
    async def test_duplicate_waiter_never_releases_original_owner(cancel: bool) -> None:
        q = DesktopQueue()
        original = await q.acquire("same")
        waiter = asyncio.create_task(q.acquire("same", timeout=0.01))
        await asyncio.sleep(0)
        if cancel:
            waiter.cancel()
        with pytest.raises(asyncio.CancelledError if cancel else DesktopLeaseBusy):
            await waiter
>       assert q.check_usable(original)
E       AssertionError: assert False
E        +  where False = check_usable(LeaseHandle(run_id='same', fence='6be93b90911842998808800a6607c182', generation=1, granted_at=1801.31570925))
E        +    where check_usable = <assistant.runtime.desktop_queue.DesktopQueue object at 0x10ccb51c0>.check_usable

tests/unit/test_mission_desktop_queue.py:221: AssertionError
_______________ test_handoff_reserves_owner_before_waiter_wakes ________________

    async def test_handoff_reserves_owner_before_waiter_wakes() -> None:
        q = DesktopQueue()
        a = await q.acquire("a")
        b = asyncio.create_task(q.acquire("b"))
        await asyncio.sleep(0)
        await q.release("a", fence=a.fence)
>       assert q.current_owner == "b"
E       AssertionError: assert None == 'b'
E        +  where None = <assistant.runtime.desktop_queue.DesktopQueue object at 0x10ccb5280>.current_owner

tests/unit/test_mission_desktop_queue.py:231: AssertionError
=========================== short test summary info ============================
FAILED tests/integration/test_phase1_corrective_boundaries.py::test_revision_cannot_erase_reconciled_effect[UNKNOWN]
FAILED tests/integration/test_phase1_corrective_boundaries.py::test_revision_cannot_erase_reconciled_effect[CONFIRMED]
FAILED tests/integration/test_phase1_corrective_boundaries.py::test_normal_resume_schedules_pending_work
FAILED tests/integration/test_phase1_corrective_boundaries.py::test_controller_selects_registered_submission[RECOVER-submit_recovery_decision]
FAILED tests/integration/test_phase1_corrective_boundaries.py::test_controller_selects_registered_submission[REVIEW-submit_final_review]
FAILED tests/integration/test_phase1_corrective_boundaries.py::test_plan_secret_is_rejected_before_any_row
FAILED tests/integration/test_phase1_corrective_boundaries.py::test_zero_packet_jev_does_not_call_provider_with_authority
FAILED tests/unit/test_mission_desktop_queue.py::test_duplicate_waiter_never_releases_original_owner[False]
FAILED tests/unit/test_mission_desktop_queue.py::test_duplicate_waiter_never_releases_original_owner[True]
FAILED tests/unit/test_mission_desktop_queue.py::test_handoff_reserves_owner_before_waiter_wakes
