src/assistant/tools/policy.py:216: error: Argument 1 to "_points" has incompatible type "Any | dict[Any, Any] | None"; expected "dict[str, Any]"  [arg-type]
src/assistant/tools/policy.py:217: error: Argument 1 to "_points" has incompatible type "Any | dict[Any, Any] | None"; expected "dict[str, Any]"  [arg-type]
src/assistant/tools/policy.py:222: error: Argument 1 to "_points" has incompatible type "Any | dict[Any, Any] | None"; expected "dict[str, Any]"  [arg-type]
src/assistant/tools/policy.py:223: error: Argument 1 to "_points" has incompatible type "Any | dict[Any, Any] | None"; expected "dict[str, Any]"  [arg-type]
tests/unit/velo_fakes.py:122: error: Argument 1 to "append" of "list" has incompatible type "tuple[str, str]"; expected "str"  [arg-type]
tests/unit/test_observation_budget.py:45: note: By default the bodies of untyped functions are not checked, consider using --check-untyped-defs  [annotation-unchecked]
tests/unit/test_observation_budget.py:61: error: Argument 2 to "_fake_tool" has incompatible type "type[_WindowArgs]"; expected "BaseModel | None"  [arg-type]
tests/unit/test_observation_budget.py:70: note: By default the bodies of untyped functions are not checked, consider using --check-untyped-defs  [annotation-unchecked]
tests/unit/test_desktop_continuity.py:116: error: Value of type "dict[str, Any] | None" is not indexable  [index]
tests/unit/test_desktop_continuity.py:117: error: Value of type "dict[str, Any] | None" is not indexable  [index]
tests/unit/test_cua_loop_policy.py:163: error: Unsupported target for indexed assignment ("dict[str, Any] | None")  [index]
tests/unit/test_cua_loop_policy.py:176: error: Unsupported target for indexed assignment ("dict[str, Any] | None")  [index]
tests/unit/test_cua_loop_policy.py:177: error: Value of type "dict[str, Any] | None" is not indexable  [index]
tests/unit/test_cua_loop_policy.py:228: error: Value of type "dict[str, Any] | None" is not indexable  [index]
tests/unit/test_cua_loop_policy.py:229: error: Value of type "dict[str, Any] | None" is not indexable  [index]
tests/unit/test_cua_loop_policy.py:236: error: Value of type "dict[str, Any] | None" is not indexable  [index]
tests/unit/test_cua_loop_policy.py:249: error: Value of type "dict[str, Any] | None" is not indexable  [index]
tests/unit/test_cua_loop_policy.py:264: error: Value of type "dict[str, Any] | None" is not indexable  [index]
tests/unit/test_cua_loop_policy.py:280: error: Value of type "dict[str, Any] | None" is not indexable  [index]
tests/unit/test_cua_loop_policy.py:314: error: Value of type "dict[str, Any] | None" is not indexable  [index]
tests/unit/test_cua_loop_policy.py:327: error: Value of type "dict[str, Any] | None" is not indexable  [index]
tests/integration/test_action_ledger_dispatch.py:98: error: Unsupported type "dict[str, int]" for ** expansion in TypedDict  [typeddict-item]
tests/integration/test_action_ledger_dispatch.py:99: error: Unsupported type "dict[str, int]" for ** expansion in TypedDict  [typeddict-item]
tests/integration/test_action_ledger_dispatch.py:143: error: Unsupported type "dict[str, int]" for ** expansion in TypedDict  [typeddict-item]
tests/integration/test_action_ledger_dispatch.py:144: error: Unsupported type "dict[str, int]" for ** expansion in TypedDict  [typeddict-item]
tests/integration/test_action_ledger_dispatch.py:156: error: Unsupported type "dict[str, int]" for ** expansion in TypedDict  [typeddict-item]
tests/integration/test_action_ledger_dispatch.py:157: error: Unsupported type "dict[str, int]" for ** expansion in TypedDict  [typeddict-item]
tests/integration/test_action_ledger_dispatch.py:158: error: Unsupported type "dict[str, int]" for ** expansion in TypedDict  [typeddict-item]
src/assistant/velo/recipes.py:50: error: Name "Verification" is not defined  [name-defined]
src/assistant/velo/recipes.py:123: error: Name "Verification" is not defined  [name-defined]
src/assistant/velo/recipes.py:337: error: Argument 4 to "_observe" has incompatible type "int | None"; expected "int"  [arg-type]
src/assistant/velo/recipes.py:425: error: Argument 4 to "_observe" has incompatible type "int | None"; expected "int"  [arg-type]
src/assistant/velo/recipes.py:611: error: Item "None" of "Target | None" has no attribute "app"  [union-attr]
tests/unit/test_velo_jev.py:35: error: Argument 1 to "JevDecisionRequest" has incompatible type "**dict[str, object]"; expected "str"  [arg-type]
tests/unit/test_velo_jev.py:35: error: Argument 1 to "JevDecisionRequest" has incompatible type "**dict[str, object]"; expected "tuple[str, ...]"  [arg-type]
tests/unit/test_velo_jev.py:35: error: Argument 1 to "JevDecisionRequest" has incompatible type "**dict[str, object]"; expected "tuple[Candidate, ...]"  [arg-type]
tests/unit/test_velo_jev.py:35: error: Argument 1 to "JevDecisionRequest" has incompatible type "**dict[str, object]"; expected "int"  [arg-type]
tests/unit/test_velo_live_regressions.py:338: error: List item 0 has incompatible type "FakeDriverTool"; expected "BaseTool"  [list-item]
tests/unit/test_velo_live_regressions.py:338: error: List item 1 has incompatible type "FakeDriverTool"; expected "BaseTool"  [list-item]
tests/unit/test_velo_controller.py:50: error: Incompatible return value type (got "tuple[VeloEntry, FakeRuntime, Any]", expected "VeloEntry")  [return-value]
tests/unit/test_velo_controller.py:97: error: "VeloEntry" object is not iterable  [misc]
tests/unit/test_velo_controller.py:99: error: Cannot determine type of "entry"  [has-type]
tests/unit/test_velo_controller.py:106: error: Cannot determine type of "deep"  [has-type]
tests/unit/test_velo_controller.py:117: error: "VeloEntry" object is not iterable  [misc]
tests/unit/test_velo_controller.py:118: error: Cannot determine type of "entry"  [has-type]
tests/unit/test_velo_controller.py:122: error: Cannot determine type of "runtime"  [has-type]
tests/unit/test_velo_controller.py:134: error: "VeloEntry" object is not iterable  [misc]
tests/unit/test_velo_controller.py:135: error: Cannot determine type of "entry"  [has-type]
tests/unit/test_velo_controller.py:138: error: Cannot determine type of "entry"  [has-type]
tests/unit/test_velo_controller.py:146: error: Cannot determine type of "runtime"  [has-type]
tests/unit/test_velo_controller.py:159: error: "VeloEntry" object is not iterable  [misc]
tests/unit/test_velo_controller.py:161: error: Cannot determine type of "entry"  [has-type]
tests/unit/test_velo_controller.py:164: error: Cannot determine type of "runtime"  [has-type]
tests/unit/test_velo_controller.py:170: error: Cannot determine type of "runtime"  [has-type]
tests/unit/test_velo_controller.py:171: error: Cannot determine type of "entry"  [has-type]
tests/unit/test_velo_controller.py:205: error: "VeloEntry" object is not iterable  [misc]
tests/unit/test_velo_controller.py:206: error: Cannot determine type of "entry"  [has-type]
tests/unit/test_velo_controller.py:207: error: Cannot determine type of "entry"  [has-type]
tests/unit/test_velo_controller.py:211: error: Cannot determine type of "deep"  [has-type]
tests/unit/test_velo_controller.py:224: error: "VeloEntry" object is not iterable  [misc]
tests/unit/test_velo_controller.py:225: error: Cannot determine type of "entry"  [has-type]
tests/unit/test_velo_controller.py:226: error: Cannot determine type of "entry"  [has-type]
tests/unit/test_velo_controller.py:231: error: Cannot determine type of "deep"  [has-type]
tests/unit/test_velo_controller.py:237: error: "VeloEntry" object is not iterable  [misc]
tests/unit/test_velo_controller.py:238: error: Cannot determine type of "entry"  [has-type]
tests/unit/test_velo_controller.py:241: error: Cannot determine type of "deep"  [has-type]
tests/unit/test_velo_controller.py:255: error: "VeloEntry" object is not iterable  [misc]
tests/unit/test_velo_controller.py:256: error: Cannot determine type of "entry"  [has-type]
tests/unit/test_velo_controller.py:257: error: Cannot determine type of "entry"  [has-type]
tests/unit/test_velo_controller.py:268: error: "VeloEntry" object is not iterable  [misc]
tests/unit/test_velo_controller.py:269: error: Cannot determine type of "entry"  [has-type]
tests/unit/test_velo_controller.py:275: error: Cannot determine type of "deep"  [has-type]
tests/unit/test_velo_controller.py:279: error: "VeloEntry" object is not iterable  [misc]
tests/unit/test_velo_controller.py:281: error: Cannot determine type of "entry"  [has-type]
tests/unit/test_velo_controller.py:282: error: Cannot determine type of "deep"  [has-type]
tests/unit/test_velo_controller.py:283: error: Cannot determine type of "runtime"  [has-type]
tests/unit/test_velo_controller.py:288: error: "VeloEntry" object is not iterable  [misc]
tests/unit/test_velo_controller.py:289: error: Cannot determine type of "entry"  [has-type]
tests/unit/test_velo_controller.py:293: error: Cannot determine type of "runtime"  [has-type]
tests/unit/test_velo_controller.py:294: error: Cannot determine type of "runtime"  [has-type]
tests/unit/test_cua_transport_recovery.py:185: error: Incompatible types in assignment (expression has type "SimpleNamespace", variable has type "Settings")  [assignment]
tests/unit/test_cua_transport_recovery.py:207: error: Incompatible types in assignment (expression has type "SimpleNamespace", variable has type "Settings")  [assignment]
tests/unit/test_cua_manifest.py:53: error: Argument 1 to "Settings" has incompatible type "**dict[str, object]"; expected "bool | None"  [arg-type]
tests/unit/test_cua_manifest.py:53: error: Argument 1 to "Settings" has incompatible type "**dict[str, object]"; expected "str | None"  [arg-type]
tests/unit/test_cua_manifest.py:53: error: Argument 1 to "Settings" has incompatible type "**dict[str, object]"; expected "Literal['variable', 'alias', 'all'] | None"  [arg-type]
tests/unit/test_cua_manifest.py:53: error: Argument 1 to "Settings" has incompatible type "**dict[str, object]"; expected "Path | str | Sequence[Path | str] | None"  [arg-type]
tests/unit/test_cua_manifest.py:53: error: Argument 1 to "Settings" has incompatible type "**dict[str, object]"; expected "int | None"  [arg-type]
tests/unit/test_cua_manifest.py:53: error: Argument 1 to "Settings" has incompatible type "**dict[str, object]"; expected "bool | list[str] | tuple[str, ...] | None"  [arg-type]
tests/unit/test_cua_manifest.py:53: error: Argument 1 to "Settings" has incompatible type "**dict[str, object]"; expected "CliSettingsSource[Any] | None"  [arg-type]
tests/unit/test_cua_manifest.py:53: error: Argument 1 to "Settings" has incompatible type "**dict[str, object]"; expected "Literal['dual', 'toggle'] | bool | None"  [arg-type]
tests/unit/test_cua_manifest.py:53: error: Argument 1 to "Settings" has incompatible type "**dict[str, object]"; expected "Literal['all', 'no_enums'] | bool | None"  [arg-type]
tests/unit/test_cua_manifest.py:53: error: Argument 1 to "Settings" has incompatible type "**dict[str, object]"; expected "Mapping[str, str | list[str]] | None"  [arg-type]
tests/unit/test_cua_manifest.py:53: error: Argument 1 to "Settings" has incompatible type "**dict[str, object]"; expected "tuple[tuple[PydanticBaseSettingsSource, ...], dict[str, Any]] | None"  [arg-type]
src/assistant/missions/evidence.py:327: error: Incompatible types in assignment (expression has type "str", variable has type "dict[Any, Any]")  [assignment]
tests/integration/test_phase1_corrective_boundaries.py:74: error: Unsupported target for indexed assignment ("dict[str, Any] | None")  [index]
tests/integration/test_phase1_corrective_boundaries.py:75: error: Unsupported target for indexed assignment ("dict[str, Any] | None")  [index]
tests/integration/test_phase1_corrective_boundaries.py:82: error: Value of type "dict[str, Any] | None" is not indexable  [index]
tests/integration/test_phase1_corrective_boundaries.py:125: error: Argument "executor" to "MissionService" has incompatible type "None"; expected "VeloExecutor"  [arg-type]
tests/integration/test_phase1_corrective_boundaries.py:127: error: Cannot assign to a method  [method-assign]
tests/integration/test_phase1_corrective_boundaries.py:127: error: Incompatible types in assignment (expression has type "Callable[[str], None]", variable has type "def _schedule_resume(self, mission_id: str) -> None")  [assignment]
tests/integration/test_phase1_corrective_boundaries.py:143: error: Argument 1 to "_call" of "DeepController" has incompatible type "str"; expected "Literal['PLAN', 'RECOVER', 'REVIEW', 'CHAT']"  [arg-type]
tests/integration/test_phase1_corrective_boundaries.py:200: error: Argument 1 to "settle" of "MissionAuthority" has incompatible type "Any | None"; expected "BudgetReservation"  [arg-type]
tests/integration/test_phase1_corrective_boundaries.py:283: error: Unsupported target for indexed assignment ("dict[str, Any] | None")  [index]
tests/integration/test_phase1_corrective_boundaries.py:284: error: Unsupported target for indexed assignment ("dict[str, Any] | None")  [index]
Found 102 errors in 14 files (checked 175 source files)
