F                                                                        [100%]
=================================== FAILURES ===================================
______________ test_unknown_effect_cannot_enter_or_release_a_wait ______________

store = <assistant.missions.store.MissionStore object at 0x1100fb050>

    async def test_unknown_effect_cannot_enter_or_release_a_wait(store: MissionStore) -> None:
        """The independent reproduction — UNKNOWN → wait → attempt 2 — must be
        refused at admission AND at release."""
        mission = await _claimed(store)
        item = await store.claim_step(mission.mission_id, 1, 1, tool_ids=["click"])
        assert item is not None
        await store.mark_dispatched(item.execution_id)
        await store.apply_result(_unknown_result(mission, item))
        # Admission refuses.
        with pytest.raises(MissionStoreError, match="unresolved UNKNOWN"):
            await store.record_external_wait(
                mission.mission_id, 1, "s1", reason="backoff",
                checkpoint={"cursor": "s1"}, retry_after_ms=50,
                deadline_ms=int(time.time() * 1000) + 60_000)
        # Even a manually inserted wait cannot release into a replay.
        store._conn.execute(
            "INSERT INTO mission_external_waits (wait_id, mission_id, plan_version, "
            "step_id, reason, checkpoint_json, retry_after_ms, deadline_ms, created_at_ms) "
            "VALUES ('forced', ?, 1, 's1', 'bypass', '{}', 10, 9999999999999, ?)",
            (mission.mission_id, int(time.time() * 1000)))
        released = await store.release_wait("forced")
>       assert released is not None and released.status == "BLOCKED", (
            "release must block the mission, not requeue the unknown effect")
E       AssertionError: release must block the mission, not requeue the unknown effect
E       assert (MissionRecord(schema_version=1, mission_id='1ee092dc-64c2-4753-be47-087a403201c3', request_id='91ad4481-8a9d-42a2-8f4d...al_ids=[], artifact_ids=[], pending_approvals=[], priority=4, created_at_ms=1790801315116, updated_at_ms=1790801315120) is not None and 'VERIFYING' == 'BLOCKED'
E         
E         - BLOCKED
E         + VERIFYING)

tests/integration/test_external_waits.py:87: AssertionError
=========================== short test summary info ============================
FAILED tests/integration/test_external_waits.py::test_unknown_effect_cannot_enter_or_release_a_wait
