   Compiling sani v0.1.0 (/private/tmp/phase1-mutations-3/mutation-voice-lock-order/sani/src-tauri)
warning: unused import: `AsyncWrite`
  --> src/tts.rs:22:42
   |
22 | use tokio::io::{AsyncReadExt, AsyncRead, AsyncWrite, AsyncWriteExt};
   |                                          ^^^^^^^^^^
   |
   = note: `#[warn(unused_imports)]` (part of `#[warn(unused)]`) on by default

warning: unused imports: `Duration` and `Instant`
  --> src/tts_queue.rs:18:17
   |
18 | use std::time::{Duration, Instant};
   |                 ^^^^^^^^  ^^^^^^^

warning: variable does not need to be mutable
   --> src/tts_queue.rs:269:13
    |
269 |         let mut state = self
    |             ----^^^^^
    |             |
    |             help: remove this `mut`
    |
    = note: `#[warn(unused_mut)]` (part of `#[warn(unused)]`) on by default

warning: unused variable: `state`
   --> src/tts_queue.rs:269:13
    |
269 |         let mut state = self
    |             ^^^^^^^^^ help: if this is intentional, prefix it with an underscore: `_state`
    |
    = note: `#[warn(unused_variables)]` (part of `#[warn(unused)]`) on by default

warning: variable does not need to be mutable
   --> src/tts_queue.rs:462:23
    |
462 |             if let Ok(mut sink) = self.sink.lock() {
    |                       ----^^^^
    |                       |
    |                       help: remove this `mut`

warning: type `RunGuard` is more private than the item `SaniState::run`
  --> src/app_state.rs:60:5
   |
60 |     pub(crate) run: Mutex<Option<RunGuard>>,
   |     ^^^^^^^^^^^^^^^^^^^^^^^^^^^^^^^^^^^^^^^ field `SaniState::run` is reachable at visibility `pub(crate)`
   |
note: but type `RunGuard` is only usable at visibility `pub(self)`
  --> src/app_state.rs:50:1
   |
50 | struct RunGuard {
   | ^^^^^^^^^^^^^^^
   = note: `#[warn(private_interfaces)]` on by default

warning: fields `sample_rate` and `stop` are never read
  --> src/audio.rs:30:9
   |
28 | pub struct AudioHandle {
   |            ----------- fields in this struct
29 |     pub device_name: String,
30 |     pub sample_rate: u32,
   |         ^^^^^^^^^^^
...
36 |     pub stop: Arc<AtomicBool>,
   |         ^^^^
   |
   = note: `#[warn(dead_code)]` (part of `#[warn(unused)]`) on by default

warning: constant `WORKER_CANCEL_TIMEOUT_MS` is never used
  --> src/tts.rs:25:11
   |
25 | pub const WORKER_CANCEL_TIMEOUT_MS: u64 = 250;
   |           ^^^^^^^^^^^^^^^^^^^^^^^^

warning: methods `has_stdin` and `shutdown` are never used
   --> src/tts.rs:121:12
    |
 52 | impl TtsSupervisor {
    | ------------------ methods in this implementation
...
121 |     pub fn has_stdin(&self) -> bool {
    |            ^^^^^^^^^
...
133 |     pub async fn shutdown(&self) {
    |                  ^^^^^^^^

warning: methods `update_generation` and `generation` are never used
   --> src/tts_protocol.rs:151:12
    |
143 | impl StreamValidator {
    | -------------------- methods in this implementation
...
151 |     pub fn update_generation(&mut self, generation: u64) {
    |            ^^^^^^^^^^^^^^^^^
...
156 |     pub fn generation(&self) -> u64 {
    |            ^^^^^^^^^^

warning: variants `Disabled` and `Loading` are never constructed
  --> src/tts_queue.rs:53:5
   |
52 | pub enum QueueState {
   |          ---------- variants in this enum
53 |     Disabled,
   |     ^^^^^^^^
54 |     Loading,
   |     ^^^^^^^
   |
   = note: `QueueState` has derived impls for the traits `Clone` and `Debug`, but these are intentionally ignored during dead code analysis

warning: function `hide_main` is never used
   --> src/windows.rs:518:8
    |
518 | pub fn hide_main(app: &AppHandle) {
    |        ^^^^^^^^^

warning: function `show_overlays` is never used
   --> src/windows.rs:979:8
    |
979 | pub fn show_overlays(app: &AppHandle) {
    |        ^^^^^^^^^^^^^

warning: `sani` (bin "sani" test) generated 13 warnings (run `cargo fix --bin "sani" -p sani --tests` to apply 5 suggestions)
    Finished `test` profile [unoptimized + debuginfo] target(s) in 3.19s
     Running unittests src/main.rs (/private/tmp/phase1-mutations-3/rust-target/debug/deps/sani-68884cb1d9c85746)

running 1 test
test tts_queue::concurrency_tests::concurrent_lifecycle_ops_never_deadlock has been running for over 60 seconds
