tests/unit/test_sani_core_registry.py:40: error: Argument 1 to "register" of "AgentRegistry" has incompatible type "_StubAgent"; expected "AgentProtocol"  [arg-type]
tests/unit/test_sani_core_registry.py:40: note: Following member(s) of "_StubAgent" have conflicts:
tests/unit/test_sani_core_registry.py:40: note:     Expected:
tests/unit/test_sani_core_registry.py:40: note:         def cancel(self, run_id: str | None = ...) -> Coroutine[Any, Any, None]
tests/unit/test_sani_core_registry.py:40: note:     Got:
tests/unit/test_sani_core_registry.py:40: note:         def cancel(self) -> Coroutine[Any, Any, None]
tests/unit/test_sani_core_registry.py:40: note:     Expected:
tests/unit/test_sani_core_registry.py:40: note:         def run(self, text: str, *, thread_id: str, on_event: Callable[[str, dict[str, Any]], Awaitable[None]], cancel_check: Callable[[], bool], run_id: str = ...) -> Coroutine[Any, Any, dict[str, Any]]
tests/unit/test_sani_core_registry.py:40: note:     Got:
tests/unit/test_sani_core_registry.py:40: note:         def run(self, text: str, *, thread_id: str, on_event: Callable[[str, dict[str, Any]], Awaitable[None]], cancel_check: Callable[[], bool]) -> Coroutine[Any, Any, dict[str, Any]]
tests/unit/test_sani_core_registry.py:52: error: Argument 1 to "register" of "AgentRegistry" has incompatible type "_StubAgent"; expected "AgentProtocol"  [arg-type]
tests/unit/test_sani_core_registry.py:52: note: Following member(s) of "_StubAgent" have conflicts:
tests/unit/test_sani_core_registry.py:52: note:     Expected:
tests/unit/test_sani_core_registry.py:52: note:         def cancel(self, run_id: str | None = ...) -> Coroutine[Any, Any, None]
tests/unit/test_sani_core_registry.py:52: note:     Got:
tests/unit/test_sani_core_registry.py:52: note:         def cancel(self) -> Coroutine[Any, Any, None]
tests/unit/test_sani_core_registry.py:52: note:     Expected:
tests/unit/test_sani_core_registry.py:52: note:         def run(self, text: str, *, thread_id: str, on_event: Callable[[str, dict[str, Any]], Awaitable[None]], cancel_check: Callable[[], bool], run_id: str = ...) -> Coroutine[Any, Any, dict[str, Any]]
tests/unit/test_sani_core_registry.py:52: note:     Got:
tests/unit/test_sani_core_registry.py:52: note:         def run(self, text: str, *, thread_id: str, on_event: Callable[[str, dict[str, Any]], Awaitable[None]], cancel_check: Callable[[], bool]) -> Coroutine[Any, Any, dict[str, Any]]
tests/unit/test_sani_core_registry.py:54: error: Argument 1 to "register" of "AgentRegistry" has incompatible type "_StubAgent"; expected "AgentProtocol"  [arg-type]
tests/unit/test_sani_core_registry.py:54: note: Following member(s) of "_StubAgent" have conflicts:
tests/unit/test_sani_core_registry.py:54: note:     Expected:
tests/unit/test_sani_core_registry.py:54: note:         def cancel(self, run_id: str | None = ...) -> Coroutine[Any, Any, None]
tests/unit/test_sani_core_registry.py:54: note:     Got:
tests/unit/test_sani_core_registry.py:54: note:         def cancel(self) -> Coroutine[Any, Any, None]
tests/unit/test_sani_core_registry.py:54: note:     Expected:
tests/unit/test_sani_core_registry.py:54: note:         def run(self, text: str, *, thread_id: str, on_event: Callable[[str, dict[str, Any]], Awaitable[None]], cancel_check: Callable[[], bool], run_id: str = ...) -> Coroutine[Any, Any, dict[str, Any]]
tests/unit/test_sani_core_registry.py:54: note:     Got:
tests/unit/test_sani_core_registry.py:54: note:         def run(self, text: str, *, thread_id: str, on_event: Callable[[str, dict[str, Any]], Awaitable[None]], cancel_check: Callable[[], bool]) -> Coroutine[Any, Any, dict[str, Any]]
tests/unit/test_sani_core_registry.py:59: error: Argument 1 to "register" of "AgentRegistry" has incompatible type "_StubAgent"; expected "AgentProtocol"  [arg-type]
tests/unit/test_sani_core_registry.py:59: note: Following member(s) of "_StubAgent" have conflicts:
tests/unit/test_sani_core_registry.py:59: note:     Expected:
tests/unit/test_sani_core_registry.py:59: note:         def cancel(self, run_id: str | None = ...) -> Coroutine[Any, Any, None]
tests/unit/test_sani_core_registry.py:59: note:     Got:
tests/unit/test_sani_core_registry.py:59: note:         def cancel(self) -> Coroutine[Any, Any, None]
tests/unit/test_sani_core_registry.py:59: note:     Expected:
tests/unit/test_sani_core_registry.py:59: note:         def run(self, text: str, *, thread_id: str, on_event: Callable[[str, dict[str, Any]], Awaitable[None]], cancel_check: Callable[[], bool], run_id: str = ...) -> Coroutine[Any, Any, dict[str, Any]]
tests/unit/test_sani_core_registry.py:59: note:     Got:
tests/unit/test_sani_core_registry.py:59: note:         def run(self, text: str, *, thread_id: str, on_event: Callable[[str, dict[str, Any]], Awaitable[None]], cancel_check: Callable[[], bool]) -> Coroutine[Any, Any, dict[str, Any]]
tests/unit/test_sani_core_registry.py:60: error: Argument 1 to "register" of "AgentRegistry" has incompatible type "_StubAgent"; expected "AgentProtocol"  [arg-type]
tests/unit/test_sani_core_registry.py:60: note: Following member(s) of "_StubAgent" have conflicts:
tests/unit/test_sani_core_registry.py:60: note:     Expected:
tests/unit/test_sani_core_registry.py:60: note:         def cancel(self, run_id: str | None = ...) -> Coroutine[Any, Any, None]
tests/unit/test_sani_core_registry.py:60: note:     Got:
tests/unit/test_sani_core_registry.py:60: note:         def cancel(self) -> Coroutine[Any, Any, None]
tests/unit/test_sani_core_registry.py:60: note:     Expected:
tests/unit/test_sani_core_registry.py:60: note:         def run(self, text: str, *, thread_id: str, on_event: Callable[[str, dict[str, Any]], Awaitable[None]], cancel_check: Callable[[], bool], run_id: str = ...) -> Coroutine[Any, Any, dict[str, Any]]
tests/unit/test_sani_core_registry.py:60: note:     Got:
tests/unit/test_sani_core_registry.py:60: note:         def run(self, text: str, *, thread_id: str, on_event: Callable[[str, dict[str, Any]], Awaitable[None]], cancel_check: Callable[[], bool]) -> Coroutine[Any, Any, dict[str, Any]]
tests/unit/test_sani_core_app.py:231: error: Argument 1 to "register" of "AgentRegistry" has incompatible type "_FakeAgent"; expected "AgentProtocol"  [arg-type]
tests/unit/test_sani_core_app.py:231: note: Following member(s) of "_FakeAgent" have conflicts:
tests/unit/test_sani_core_app.py:231: note:     Expected:
tests/unit/test_sani_core_app.py:231: note:         def cancel(self, run_id: str | None = ...) -> Coroutine[Any, Any, None]
tests/unit/test_sani_core_app.py:231: note:     Got:
tests/unit/test_sani_core_app.py:231: note:         def cancel(self) -> Coroutine[Any, Any, None]
tests/unit/test_sani_core_app.py:231: note:     Expected:
tests/unit/test_sani_core_app.py:231: note:         def run(self, text: str, *, thread_id: str, on_event: Callable[[str, dict[str, Any]], Awaitable[None]], cancel_check: Callable[[], bool], run_id: str = ...) -> Coroutine[Any, Any, dict[str, Any]]
tests/unit/test_sani_core_app.py:231: note:     Got:
tests/unit/test_sani_core_app.py:231: note:         def run(self, text: str, *, thread_id: str, on_event: Callable[[str, dict[str, Any]], Awaitable[None]], cancel_check: Callable[[], bool]) -> Coroutine[Any, Any, dict[str, Any]]
tests/unit/test_sani_core_app.py:256: error: Argument 1 to "register" of "AgentRegistry" has incompatible type "_FakeAgent"; expected "AgentProtocol"  [arg-type]
tests/unit/test_sani_core_app.py:256: note: Following member(s) of "_FakeAgent" have conflicts:
tests/unit/test_sani_core_app.py:256: note:     Expected:
tests/unit/test_sani_core_app.py:256: note:         def cancel(self, run_id: str | None = ...) -> Coroutine[Any, Any, None]
tests/unit/test_sani_core_app.py:256: note:     Got:
tests/unit/test_sani_core_app.py:256: note:         def cancel(self) -> Coroutine[Any, Any, None]
tests/unit/test_sani_core_app.py:256: note:     Expected:
tests/unit/test_sani_core_app.py:256: note:         def run(self, text: str, *, thread_id: str, on_event: Callable[[str, dict[str, Any]], Awaitable[None]], cancel_check: Callable[[], bool], run_id: str = ...) -> Coroutine[Any, Any, dict[str, Any]]
tests/unit/test_sani_core_app.py:256: note:     Got:
tests/unit/test_sani_core_app.py:256: note:         def run(self, text: str, *, thread_id: str, on_event: Callable[[str, dict[str, Any]], Awaitable[None]], cancel_check: Callable[[], bool]) -> Coroutine[Any, Any, dict[str, Any]]
tests/unit/test_sani_core_app.py:286: error: Argument 1 to "register" of "AgentRegistry" has incompatible type "_FakeAgent"; expected "AgentProtocol"  [arg-type]
tests/unit/test_sani_core_app.py:286: note: Following member(s) of "_FakeAgent" have conflicts:
tests/unit/test_sani_core_app.py:286: note:     Expected:
tests/unit/test_sani_core_app.py:286: note:         def cancel(self, run_id: str | None = ...) -> Coroutine[Any, Any, None]
tests/unit/test_sani_core_app.py:286: note:     Got:
tests/unit/test_sani_core_app.py:286: note:         def cancel(self) -> Coroutine[Any, Any, None]
tests/unit/test_sani_core_app.py:286: note:     Expected:
tests/unit/test_sani_core_app.py:286: note:         def run(self, text: str, *, thread_id: str, on_event: Callable[[str, dict[str, Any]], Awaitable[None]], cancel_check: Callable[[], bool], run_id: str = ...) -> Coroutine[Any, Any, dict[str, Any]]
tests/unit/test_sani_core_app.py:286: note:     Got:
tests/unit/test_sani_core_app.py:286: note:         def run(self, text: str, *, thread_id: str, on_event: Callable[[str, dict[str, Any]], Awaitable[None]], cancel_check: Callable[[], bool]) -> Coroutine[Any, Any, dict[str, Any]]
tests/unit/test_sani_core_app.py:310: error: Argument 1 to "register" of "AgentRegistry" has incompatible type "_FakeAgent"; expected "AgentProtocol"  [arg-type]
tests/unit/test_sani_core_app.py:310: note: Following member(s) of "_FakeAgent" have conflicts:
tests/unit/test_sani_core_app.py:310: note:     Expected:
tests/unit/test_sani_core_app.py:310: note:         def cancel(self, run_id: str | None = ...) -> Coroutine[Any, Any, None]
tests/unit/test_sani_core_app.py:310: note:     Got:
tests/unit/test_sani_core_app.py:310: note:         def cancel(self) -> Coroutine[Any, Any, None]
tests/unit/test_sani_core_app.py:310: note:     Expected:
tests/unit/test_sani_core_app.py:310: note:         def run(self, text: str, *, thread_id: str, on_event: Callable[[str, dict[str, Any]], Awaitable[None]], cancel_check: Callable[[], bool], run_id: str = ...) -> Coroutine[Any, Any, dict[str, Any]]
tests/unit/test_sani_core_app.py:310: note:     Got:
tests/unit/test_sani_core_app.py:310: note:         def run(self, text: str, *, thread_id: str, on_event: Callable[[str, dict[str, Any]], Awaitable[None]], cancel_check: Callable[[], bool]) -> Coroutine[Any, Any, dict[str, Any]]
tests/unit/test_sani_core_app.py:338: error: Argument 1 to "register" of "AgentRegistry" has incompatible type "_FakeAgent"; expected "AgentProtocol"  [arg-type]
tests/unit/test_sani_core_app.py:338: note: Following member(s) of "_FakeAgent" have conflicts:
tests/unit/test_sani_core_app.py:338: note:     Expected:
tests/unit/test_sani_core_app.py:338: note:         def cancel(self, run_id: str | None = ...) -> Coroutine[Any, Any, None]
tests/unit/test_sani_core_app.py:338: note:     Got:
tests/unit/test_sani_core_app.py:338: note:         def cancel(self) -> Coroutine[Any, Any, None]
tests/unit/test_sani_core_app.py:338: note:     Expected:
tests/unit/test_sani_core_app.py:338: note:         def run(self, text: str, *, thread_id: str, on_event: Callable[[str, dict[str, Any]], Awaitable[None]], cancel_check: Callable[[], bool], run_id: str = ...) -> Coroutine[Any, Any, dict[str, Any]]
tests/unit/test_sani_core_app.py:338: note:     Got:
tests/unit/test_sani_core_app.py:338: note:         def run(self, text: str, *, thread_id: str, on_event: Callable[[str, dict[str, Any]], Awaitable[None]], cancel_check: Callable[[], bool]) -> Coroutine[Any, Any, dict[str, Any]]
tests/unit/test_sani_core_app.py:356: error: Argument 1 to "register" of "AgentRegistry" has incompatible type "_FakeAgent"; expected "AgentProtocol"  [arg-type]
tests/unit/test_sani_core_app.py:356: note: Following member(s) of "_FakeAgent" have conflicts:
tests/unit/test_sani_core_app.py:356: note:     Expected:
tests/unit/test_sani_core_app.py:356: note:         def cancel(self, run_id: str | None = ...) -> Coroutine[Any, Any, None]
tests/unit/test_sani_core_app.py:356: note:     Got:
tests/unit/test_sani_core_app.py:356: note:         def cancel(self) -> Coroutine[Any, Any, None]
tests/unit/test_sani_core_app.py:356: note:     Expected:
tests/unit/test_sani_core_app.py:356: note:         def run(self, text: str, *, thread_id: str, on_event: Callable[[str, dict[str, Any]], Awaitable[None]], cancel_check: Callable[[], bool], run_id: str = ...) -> Coroutine[Any, Any, dict[str, Any]]
tests/unit/test_sani_core_app.py:356: note:     Got:
tests/unit/test_sani_core_app.py:356: note:         def run(self, text: str, *, thread_id: str, on_event: Callable[[str, dict[str, Any]], Awaitable[None]], cancel_check: Callable[[], bool]) -> Coroutine[Any, Any, dict[str, Any]]
tests/unit/test_sani_core_app.py:375: error: Argument 1 to "register" of "AgentRegistry" has incompatible type "_GatedAgent"; expected "AgentProtocol"  [arg-type]
tests/unit/test_sani_core_app.py:375: note: Following member(s) of "_GatedAgent" have conflicts:
tests/unit/test_sani_core_app.py:375: note:     Expected:
tests/unit/test_sani_core_app.py:375: note:         def cancel(self, run_id: str | None = ...) -> Coroutine[Any, Any, None]
tests/unit/test_sani_core_app.py:375: note:     Got:
tests/unit/test_sani_core_app.py:375: note:         def cancel(self) -> Coroutine[Any, Any, None]
tests/unit/test_sani_core_app.py:375: note:     Expected:
tests/unit/test_sani_core_app.py:375: note:         def run(self, text: str, *, thread_id: str, on_event: Callable[[str, dict[str, Any]], Awaitable[None]], cancel_check: Callable[[], bool], run_id: str = ...) -> Coroutine[Any, Any, dict[str, Any]]
tests/unit/test_sani_core_app.py:375: note:     Got:
tests/unit/test_sani_core_app.py:375: note:         def run(self, text: str, *, thread_id: str, on_event: Callable[[str, dict[str, Any]], Awaitable[None]], cancel_check: Callable[[], bool]) -> Coroutine[Any, Any, dict[str, Any]]
tests/unit/test_sani_core_app.py:394: error: Argument 1 to "register" of "AgentRegistry" has incompatible type "_SlowCancellableAgent"; expected "AgentProtocol"  [arg-type]
tests/unit/test_sani_core_app.py:394: note: Following member(s) of "_SlowCancellableAgent" have conflicts:
tests/unit/test_sani_core_app.py:394: note:     Expected:
tests/unit/test_sani_core_app.py:394: note:         def cancel(self, run_id: str | None = ...) -> Coroutine[Any, Any, None]
tests/unit/test_sani_core_app.py:394: note:     Got:
tests/unit/test_sani_core_app.py:394: note:         def cancel(self) -> Coroutine[Any, Any, None]
tests/unit/test_sani_core_app.py:394: note:     Expected:
tests/unit/test_sani_core_app.py:394: note:         def run(self, text: str, *, thread_id: str, on_event: Callable[[str, dict[str, Any]], Awaitable[None]], cancel_check: Callable[[], bool], run_id: str = ...) -> Coroutine[Any, Any, dict[str, Any]]
tests/unit/test_sani_core_app.py:394: note:     Got:
tests/unit/test_sani_core_app.py:394: note:         def run(self, text: str, *, thread_id: str, on_event: Callable[[str, dict[str, Any]], Awaitable[None]], cancel_check: Callable[[], bool]) -> Coroutine[Any, Any, dict[str, Any]]
tests/unit/test_sani_core_app.py:436: error: Argument 1 to "register" of "AgentRegistry" has incompatible type "_ExplodingAgent"; expected "AgentProtocol"  [arg-type]
tests/unit/test_sani_core_app.py:436: note: Following member(s) of "_ExplodingAgent" have conflicts:
tests/unit/test_sani_core_app.py:436: note:     Expected:
tests/unit/test_sani_core_app.py:436: note:         def cancel(self, run_id: str | None = ...) -> Coroutine[Any, Any, None]
tests/unit/test_sani_core_app.py:436: note:     Got:
tests/unit/test_sani_core_app.py:436: note:         def cancel(self) -> Coroutine[Any, Any, None]
tests/unit/test_sani_core_app.py:436: note:     Expected:
tests/unit/test_sani_core_app.py:436: note:         def run(self, text: str, *, thread_id: str, on_event: Callable[[str, dict[str, Any]], Awaitable[None]], cancel_check: Callable[[], bool], run_id: str = ...) -> Coroutine[Any, Any, dict[str, Any]]
tests/unit/test_sani_core_app.py:436: note:     Got:
tests/unit/test_sani_core_app.py:436: note:         def run(self, text: str, *, thread_id: str, on_event: Callable[[str, dict[str, Any]], Awaitable[None]], cancel_check: Callable[[], bool]) -> Coroutine[Any, Any, dict[str, Any]]
tests/unit/test_sani_core_app.py:437: error: Argument 1 to "register" of "AgentRegistry" has incompatible type "_FakeAgent"; expected "AgentProtocol"  [arg-type]
tests/unit/test_sani_core_app.py:437: note: Following member(s) of "_FakeAgent" have conflicts:
tests/unit/test_sani_core_app.py:437: note:     Expected:
tests/unit/test_sani_core_app.py:437: note:         def cancel(self, run_id: str | None = ...) -> Coroutine[Any, Any, None]
tests/unit/test_sani_core_app.py:437: note:     Got:
tests/unit/test_sani_core_app.py:437: note:         def cancel(self) -> Coroutine[Any, Any, None]
tests/unit/test_sani_core_app.py:437: note:     Expected:
tests/unit/test_sani_core_app.py:437: note:         def run(self, text: str, *, thread_id: str, on_event: Callable[[str, dict[str, Any]], Awaitable[None]], cancel_check: Callable[[], bool], run_id: str = ...) -> Coroutine[Any, Any, dict[str, Any]]
tests/unit/test_sani_core_app.py:437: note:     Got:
tests/unit/test_sani_core_app.py:437: note:         def run(self, text: str, *, thread_id: str, on_event: Callable[[str, dict[str, Any]], Awaitable[None]], cancel_check: Callable[[], bool]) -> Coroutine[Any, Any, dict[str, Any]]
tests/unit/test_sani_core_app.py:489: error: Argument 1 to "register" of "AgentRegistry" has incompatible type "_GatedAgent"; expected "AgentProtocol"  [arg-type]
tests/unit/test_sani_core_app.py:489: note: Following member(s) of "_GatedAgent" have conflicts:
tests/unit/test_sani_core_app.py:489: note:     Expected:
tests/unit/test_sani_core_app.py:489: note:         def cancel(self, run_id: str | None = ...) -> Coroutine[Any, Any, None]
tests/unit/test_sani_core_app.py:489: note:     Got:
tests/unit/test_sani_core_app.py:489: note:         def cancel(self) -> Coroutine[Any, Any, None]
tests/unit/test_sani_core_app.py:489: note:     Expected:
tests/unit/test_sani_core_app.py:489: note:         def run(self, text: str, *, thread_id: str, on_event: Callable[[str, dict[str, Any]], Awaitable[None]], cancel_check: Callable[[], bool], run_id: str = ...) -> Coroutine[Any, Any, dict[str, Any]]
tests/unit/test_sani_core_app.py:489: note:     Got:
tests/unit/test_sani_core_app.py:489: note:         def run(self, text: str, *, thread_id: str, on_event: Callable[[str, dict[str, Any]], Awaitable[None]], cancel_check: Callable[[], bool]) -> Coroutine[Any, Any, dict[str, Any]]
tests/unit/test_sani_core_app.py:541: error: Argument 1 to "register" of "AgentRegistry" has incompatible type "_StallingAgent"; expected "AgentProtocol"  [arg-type]
tests/unit/test_sani_core_app.py:541: note: Following member(s) of "_StallingAgent" have conflicts:
tests/unit/test_sani_core_app.py:541: note:     Expected:
tests/unit/test_sani_core_app.py:541: note:         def cancel(self, run_id: str | None = ...) -> Coroutine[Any, Any, None]
tests/unit/test_sani_core_app.py:541: note:     Got:
tests/unit/test_sani_core_app.py:541: note:         def cancel(self) -> Coroutine[Any, Any, None]
tests/unit/test_sani_core_app.py:541: note:     Expected:
tests/unit/test_sani_core_app.py:541: note:         def run(self, text: str, *, thread_id: str, on_event: Callable[[str, dict[str, Any]], Awaitable[None]], cancel_check: Callable[[], bool], run_id: str = ...) -> Coroutine[Any, Any, dict[str, Any]]
tests/unit/test_sani_core_app.py:541: note:     Got:
tests/unit/test_sani_core_app.py:541: note:         def run(self, text: str, *, thread_id: str, on_event: Callable[[str, dict[str, Any]], Awaitable[None]], cancel_check: Callable[[], bool]) -> Coroutine[Any, Any, dict[str, Any]]
tests/unit/test_mission_budgets.py:35: error: The return type of an async generator function should be "AsyncGenerator" or one of its supertypes  [misc]
tests/unit/test_mission_authority.py:32: error: The return type of an async generator function should be "AsyncGenerator" or one of its supertypes  [misc]
tests/unit/test_mission_store.py:40: error: The return type of an async generator function should be "AsyncGenerator" or one of its supertypes  [misc]
tests/unit/test_mission_store.py:48: error: The return type of an async generator function should be "AsyncGenerator" or one of its supertypes  [misc]
src/assistant/tools/policy.py:215: error: Argument 1 to "_points" has incompatible type "Any | dict[Any, Any] | None"; expected "dict[str, Any]"  [arg-type]
src/assistant/tools/policy.py:216: error: Argument 1 to "_points" has incompatible type "Any | dict[Any, Any] | None"; expected "dict[str, Any]"  [arg-type]
src/assistant/tools/policy.py:221: error: Argument 1 to "_points" has incompatible type "Any | dict[Any, Any] | None"; expected "dict[str, Any]"  [arg-type]
src/assistant/tools/policy.py:222: error: Argument 1 to "_points" has incompatible type "Any | dict[Any, Any] | None"; expected "dict[str, Any]"  [arg-type]
tests/unit/velo_fakes.py:111: error: Argument 1 to "append" of "list" has incompatible type "tuple[str, str]"; expected "str"  [arg-type]
tests/unit/test_observation_budget.py:45: note: By default the bodies of untyped functions are not checked, consider using --check-untyped-defs  [annotation-unchecked]
tests/unit/test_observation_budget.py:61: error: Argument 2 to "_fake_tool" has incompatible type "type[_WindowArgs]"; expected "BaseModel | None"  [arg-type]
tests/unit/test_observation_budget.py:70: note: By default the bodies of untyped functions are not checked, consider using --check-untyped-defs  [annotation-unchecked]
tests/unit/test_desktop_continuity.py:116: error: Value of type "dict[str, Any] | None" is not indexable  [index]
tests/unit/test_desktop_continuity.py:117: error: Value of type "dict[str, Any] | None" is not indexable  [index]
tests/unit/test_cua_loop_policy.py:163: error: Unsupported target for indexed assignment ("dict[str, Any] | None")  [index]
tests/unit/test_cua_loop_policy.py:176: error: Unsupported target for indexed assignment ("dict[str, Any] | None")  [index]
tests/unit/test_cua_loop_policy.py:177: error: Value of type "dict[str, Any] | None" is not indexable  [index]
tests/unit/test_cua_loop_policy.py:228: error: Value of type "dict[str, Any] | None" is not indexable  [index]
tests/unit/test_cua_loop_policy.py:229: error: Value of type "dict[str, Any] | None" is not indexable  [index]
tests/unit/test_cua_loop_policy.py:236: error: Value of type "dict[str, Any] | None" is not indexable  [index]
tests/unit/test_cua_loop_policy.py:249: error: Value of type "dict[str, Any] | None" is not indexable  [index]
tests/unit/test_cua_loop_policy.py:264: error: Value of type "dict[str, Any] | None" is not indexable  [index]
tests/unit/test_cua_loop_policy.py:280: error: Value of type "dict[str, Any] | None" is not indexable  [index]
tests/unit/test_cua_loop_policy.py:314: error: Value of type "dict[str, Any] | None" is not indexable  [index]
tests/unit/test_cua_loop_policy.py:327: error: Value of type "dict[str, Any] | None" is not indexable  [index]
tests/integration/test_action_ledger_dispatch.py:98: error: Unsupported type "dict[str, int]" for ** expansion in TypedDict  [typeddict-item]
tests/integration/test_action_ledger_dispatch.py:99: error: Unsupported type "dict[str, int]" for ** expansion in TypedDict  [typeddict-item]
tests/integration/test_action_ledger_dispatch.py:143: error: Unsupported type "dict[str, int]" for ** expansion in TypedDict  [typeddict-item]
tests/integration/test_action_ledger_dispatch.py:144: error: Unsupported type "dict[str, int]" for ** expansion in TypedDict  [typeddict-item]
tests/integration/test_action_ledger_dispatch.py:156: error: Unsupported type "dict[str, int]" for ** expansion in TypedDict  [typeddict-item]
tests/integration/test_action_ledger_dispatch.py:157: error: Unsupported type "dict[str, int]" for ** expansion in TypedDict  [typeddict-item]
tests/integration/test_action_ledger_dispatch.py:158: error: Unsupported type "dict[str, int]" for ** expansion in TypedDict  [typeddict-item]
tests/integration/test_mission_observability.py:30: error: The return type of an async generator function should be "AsyncGenerator" or one of its supertypes  [misc]
tests/integration/test_mission_observability.py:127: error: Need type annotation for "llm_output" (hint: "llm_output: dict[<type>, <type>] = ...")  [var-annotated]
tests/integration/test_mission_observability.py:128: error: Need type annotation for "generations" (hint: "generations: list[<type>] = ...")  [var-annotated]
src/assistant/velo/recipes.py:50: error: Name "Verification" is not defined  [name-defined]
src/assistant/velo/recipes.py:123: error: Name "Verification" is not defined  [name-defined]
src/assistant/velo/recipes.py:337: error: Argument 4 to "_observe" has incompatible type "int | None"; expected "int"  [arg-type]
src/assistant/velo/recipes.py:425: error: Argument 4 to "_observe" has incompatible type "int | None"; expected "int"  [arg-type]
src/assistant/velo/recipes.py:611: error: Item "None" of "Target | None" has no attribute "app"  [union-attr]
tests/unit/test_velo_jev.py:35: error: Argument 1 to "JevDecisionRequest" has incompatible type "**dict[str, object]"; expected "str"  [arg-type]
tests/unit/test_velo_jev.py:35: error: Argument 1 to "JevDecisionRequest" has incompatible type "**dict[str, object]"; expected "tuple[str, ...]"  [arg-type]
tests/unit/test_velo_jev.py:35: error: Argument 1 to "JevDecisionRequest" has incompatible type "**dict[str, object]"; expected "tuple[Candidate, ...]"  [arg-type]
tests/unit/test_velo_jev.py:35: error: Argument 1 to "JevDecisionRequest" has incompatible type "**dict[str, object]"; expected "int"  [arg-type]
tests/unit/test_velo_live_regressions.py:338: error: List item 0 has incompatible type "FakeDriverTool"; expected "BaseTool"  [list-item]
tests/unit/test_velo_live_regressions.py:338: error: List item 1 has incompatible type "FakeDriverTool"; expected "BaseTool"  [list-item]
tests/unit/test_velo_controller.py:50: error: Incompatible return value type (got "tuple[VeloEntry, FakeRuntime, Any]", expected "VeloEntry")  [return-value]
tests/unit/test_velo_controller.py:97: error: "VeloEntry" object is not iterable  [misc]
tests/unit/test_velo_controller.py:99: error: Cannot determine type of "entry"  [has-type]
tests/unit/test_velo_controller.py:106: error: Cannot determine type of "deep"  [has-type]
tests/unit/test_velo_controller.py:117: error: "VeloEntry" object is not iterable  [misc]
tests/unit/test_velo_controller.py:118: error: Cannot determine type of "entry"  [has-type]
tests/unit/test_velo_controller.py:122: error: Cannot determine type of "runtime"  [has-type]
tests/unit/test_velo_controller.py:134: error: "VeloEntry" object is not iterable  [misc]
tests/unit/test_velo_controller.py:135: error: Cannot determine type of "entry"  [has-type]
tests/unit/test_velo_controller.py:138: error: Cannot determine type of "entry"  [has-type]
tests/unit/test_velo_controller.py:146: error: Cannot determine type of "runtime"  [has-type]
tests/unit/test_velo_controller.py:159: error: "VeloEntry" object is not iterable  [misc]
tests/unit/test_velo_controller.py:161: error: Cannot determine type of "entry"  [has-type]
tests/unit/test_velo_controller.py:164: error: Cannot determine type of "runtime"  [has-type]
tests/unit/test_velo_controller.py:170: error: Cannot determine type of "runtime"  [has-type]
tests/unit/test_velo_controller.py:171: error: Cannot determine type of "entry"  [has-type]
tests/unit/test_velo_controller.py:205: error: "VeloEntry" object is not iterable  [misc]
tests/unit/test_velo_controller.py:206: error: Cannot determine type of "entry"  [has-type]
tests/unit/test_velo_controller.py:207: error: Cannot determine type of "entry"  [has-type]
tests/unit/test_velo_controller.py:211: error: Cannot determine type of "deep"  [has-type]
tests/unit/test_velo_controller.py:224: error: "VeloEntry" object is not iterable  [misc]
tests/unit/test_velo_controller.py:225: error: Cannot determine type of "entry"  [has-type]
tests/unit/test_velo_controller.py:226: error: Cannot determine type of "entry"  [has-type]
tests/unit/test_velo_controller.py:231: error: Cannot determine type of "deep"  [has-type]
tests/unit/test_velo_controller.py:237: error: "VeloEntry" object is not iterable  [misc]
tests/unit/test_velo_controller.py:238: error: Cannot determine type of "entry"  [has-type]
tests/unit/test_velo_controller.py:241: error: Cannot determine type of "deep"  [has-type]
tests/unit/test_velo_controller.py:255: error: "VeloEntry" object is not iterable  [misc]
tests/unit/test_velo_controller.py:256: error: Cannot determine type of "entry"  [has-type]
tests/unit/test_velo_controller.py:257: error: Cannot determine type of "entry"  [has-type]
tests/unit/test_velo_controller.py:268: error: "VeloEntry" object is not iterable  [misc]
tests/unit/test_velo_controller.py:269: error: Cannot determine type of "entry"  [has-type]
tests/unit/test_velo_controller.py:275: error: Cannot determine type of "deep"  [has-type]
tests/unit/test_velo_controller.py:279: error: "VeloEntry" object is not iterable  [misc]
tests/unit/test_velo_controller.py:281: error: Cannot determine type of "entry"  [has-type]
tests/unit/test_velo_controller.py:282: error: Cannot determine type of "deep"  [has-type]
tests/unit/test_velo_controller.py:283: error: Cannot determine type of "runtime"  [has-type]
tests/unit/test_velo_controller.py:288: error: "VeloEntry" object is not iterable  [misc]
tests/unit/test_velo_controller.py:289: error: Cannot determine type of "entry"  [has-type]
tests/unit/test_velo_controller.py:293: error: Cannot determine type of "runtime"  [has-type]
tests/unit/test_velo_controller.py:294: error: Cannot determine type of "runtime"  [has-type]
tests/unit/test_cua_transport_recovery.py:185: error: Incompatible types in assignment (expression has type "SimpleNamespace", variable has type "Settings")  [assignment]
tests/unit/test_cua_transport_recovery.py:207: error: Incompatible types in assignment (expression has type "SimpleNamespace", variable has type "Settings")  [assignment]
tests/unit/test_cua_manifest.py:53: error: Argument 1 to "Settings" has incompatible type "**dict[str, object]"; expected "bool | None"  [arg-type]
tests/unit/test_cua_manifest.py:53: error: Argument 1 to "Settings" has incompatible type "**dict[str, object]"; expected "str | None"  [arg-type]
tests/unit/test_cua_manifest.py:53: error: Argument 1 to "Settings" has incompatible type "**dict[str, object]"; expected "Literal['variable', 'alias', 'all'] | None"  [arg-type]
tests/unit/test_cua_manifest.py:53: error: Argument 1 to "Settings" has incompatible type "**dict[str, object]"; expected "Path | str | Sequence[Path | str] | None"  [arg-type]
tests/unit/test_cua_manifest.py:53: error: Argument 1 to "Settings" has incompatible type "**dict[str, object]"; expected "int | None"  [arg-type]
tests/unit/test_cua_manifest.py:53: error: Argument 1 to "Settings" has incompatible type "**dict[str, object]"; expected "bool | list[str] | tuple[str, ...] | None"  [arg-type]
tests/unit/test_cua_manifest.py:53: error: Argument 1 to "Settings" has incompatible type "**dict[str, object]"; expected "CliSettingsSource[Any] | None"  [arg-type]
tests/unit/test_cua_manifest.py:53: error: Argument 1 to "Settings" has incompatible type "**dict[str, object]"; expected "Literal['dual', 'toggle'] | bool | None"  [arg-type]
tests/unit/test_cua_manifest.py:53: error: Argument 1 to "Settings" has incompatible type "**dict[str, object]"; expected "Literal['all', 'no_enums'] | bool | None"  [arg-type]
tests/unit/test_cua_manifest.py:53: error: Argument 1 to "Settings" has incompatible type "**dict[str, object]"; expected "Mapping[str, str | list[str]] | None"  [arg-type]
tests/unit/test_cua_manifest.py:53: error: Argument 1 to "Settings" has incompatible type "**dict[str, object]"; expected "tuple[tuple[PydanticBaseSettingsSource, ...], dict[str, Any]] | None"  [arg-type]
tests/unit/test_mission_evidence.py:32: error: The return type of an async generator function should be "AsyncGenerator" or one of its supertypes  [misc]
tests/unit/test_mission_executor.py:63: error: The return type of a generator function should be "Generator" or one of its supertypes  [misc]
tests/integration/test_mission_core.py:72: error: Argument 2 to "serve" of "SaniCoreApp" has incompatible type "_PipeWriter"; expected "StreamWriter"  [arg-type]
tests/integration/test_mission_ipc.py:80: error: Argument 1 to "_dispatch" of "SaniCoreApp" has incompatible type "_BareSession"; expected "_Session"  [arg-type]
Found 119 errors in 22 files (checked 169 source files)
